---
source: lexer/src/lexer.rs
expression: "check(\"     \")"
---
[]
