---
source: lexer/src/lexer.rs
expression: "check(\" _*  <<random_!?anything!!>!!>\")"
---
[
    MoveLeft(
        2,
    ),
    MoveRight(
        2,
    ),
]
