---
source: lexer/src/lexer.rs
expression: "check(\"<<       <<\")"
---
[
    MoveLeft(
        4,
    ),
]
