---
source: lexer/src/lexer.rs
expression: tokens
---
[
    MoveLeft(
        2,
    ),
    MoveRight(
        2,
    ),
]
